---
source: crates/rune-config/tests/inherit.rs
description: a package config replacing a root command
expression: error
---
packages/legacy/rune.config.ts redefines the root script `test` with `command`

a package may extend a script the root defines, never replace it:

  test: { extends: "test", appendArgs: ["--your-flag"] }

replacing it would leave this package behind the next time the root definition changes,
and nothing would say so. A genuinely different command deserves a name of its own.
